Mon Sep  7 14:03:15 2026       
+-----------------------------------------------------------------------------------------+
| NVIDIA-SMI 610.57.04              KMD Version: 610.57.04     CUDA UMD Version: 13.3     |
+-----------------------------------------+------------------------+----------------------+
| GPU  Name                 Persistence-M | Bus-Id          Disp.A | Volatile Uncorr. ECC |
| Fan  Temp   Perf          Pwr:Usage/Cap |           Memory-Usage | GPU-Util  Compute M. |
|                                         |                        |               MIG M. |
|=========================================+========================+======================|
|   0  NVIDIA RTX A6000               Off |   00000000:99:00.0 Off |                  Off |
| 30%   41C    P5             37W /  300W |       1MiB /  49140MiB |      0%      Default |
|                                         |                        |                  N/A |
+-----------------------------------------+------------------------+----------------------+

+-----------------------------------------------------------------------------------------+
| Processes:                                                                              |
|  GPU   GI   CI              PID   Type   Process name                        GPU Memory |
|        ID   ID                                                               Usage      |
|=========================================================================================|
|  No running processes found                                                             |
+-----------------------------------------------------------------------------------------+
Loading checkpoint from HuggingFace: sonata ...
Model params: 108.46M
Loading checkpoint from HuggingFace: sonata_linear_prob_head_sc ...
Loading data from HuggingFace: sample1 ...
[1;33m[Open3D WARNING] GLFW Error: Failed to detect any supported platform[0;m
[1;33m[Open3D WARNING] GLFW initialized for headless rendering.[0;m
[1;33m[Open3D WARNING] GLFW Error: OSMesa: Library not found[0;m
[1;33m[Open3D WARNING] Failed to create window[0;m
[1;33m[Open3D WARNING] [DrawGeometries] Failed creating OpenGL window.[0;m
